<?xml version="1.0" encoding="utf-8"?><testsuites name="pytest tests"><testsuite name="pytest" errors="0" failures="0" skipped="0" tests="2" time="0.096" timestamp="2026-07-04T23:24:30.913225+00:00" hostname="c87eb357b8a9"><testcase classname="tests.end_to_end.simple.test_simple" name="test_simple" time="0.011" /><testcase classname="tests.mcp_servers.math_server.test_math_server_mcp_agent" name="test_math_mcp_agent_via_fastmcp" time="0.022" /></testsuite></testsuites>